Fujitsu C/C++ Version 4.6.1   Fri Oct 22 12:13:50 2021
Compilation information
  Current directory : /vol0004/ra000012/a04453/FastConv
  Source file       : ./convLayer/im2colConv.cpp
(line-no.)(optimize)
        1             #include "im2colConv.h"
        2             #include "../utility/common.h"
        3             #include "../utility/fast_division.h"
        4             #include <dirent.h>
        5             #include <sys/types.h>
        6             #include <sys/stat.h> 
        7             #include <vector>
        8             #include <omp.h>
        9             #include "fj_tool/fapp.h"	// profiler header
       10             
       11             #ifdef __ARM_FEATURE_SVE
       12             #include <arm_sve.h>
       13             #endif /* __ARM_FEATURE_SVE */
       14             
       15             
       16             struct RegisterKernel {
       17                 int row_batch;
       18                 int col_batch;
       19             
       20                 RegisterKernel() {}
       21                 RegisterKernel(int row, int col) : row_batch(row), col_batch(col) {}
       22             };
       23             
       24             ConvIm2colLayer::ConvIm2colLayer(float *input, float *kernel, float *biasw, float *output_ref,
       25                             size_t ic, size_t ih, size_t iw, size_t oc,
       26                             size_t kh, size_t kw, size_t sh, size_t sw, 
       27                             size_t pad_left, size_t pad_right, size_t pad_top, size_t pad_bottom,
       28                             size_t g, bool bias, size_t nt, size_t iter,
       29                             int mc, int nc, int kc, int gemm_version, int row_batch, int col_batch,
       30                             int pack_c_version, int mt_pack_b_version, int prefetch_a, int prefetch_b, int prefetch_c)
       31                             : ConvLayer(input, kernel, biasw, output_ref, ic, ih, iw, oc, kh, kw, sh, sw, pad_left, pad_right, pad_top, pad_bottom, g, bias, nt, iter),
       32                             mc(mc), nc(nc), kc(kc), row_batch(row_batch), col_batch(col_batch),
       33    i                        pack_c_version(pack_c_version), mt_pack_b_version(mt_pack_b_version), prefetch_a(prefetch_a), prefetch_b(prefetch_b), prefetch_c(prefetch_c) {
       34                 
       35                this->M = output_channels;
       36                this->N = output_height * output_width;
       37                this->K = input_channels * kernel_height * kernel_width;
       38                this->num_threads = num_threads;
       39                 // this->kernel_data = static_cast<float*>(realloc(this->kernel_data, sizeof(float) * M * K));
       40                 // this->transform_input_data = static_cast<float*>(malloc(sizeof(float) * output_height * output_width * input_channels * kernel_height * kernel_width));
       41                 // this->output_data = static_cast<float*>(realloc(this->output_data ,sizeof(float) * (output_height * output_width * output_channels + 128))); 
       42                 // memset(output_data, 0, sizeof(float) * (output_height * output_width * output_channels + 128));
       43             
       44                 // indicate M N K directly
       45                 // this->M = 1536; this->N = 1536; this->K = 1536;
       46             //    this->kernel_data = static_cast<float*>(realloc(this->kernel_data, sizeof(float) * M * K));
       47             //    this->transform_input_data = static_cast<float*>(malloc(sizeof(float) * N * K));
       48             //    this->output_data = static_cast<float*>(realloc(this->output_data, sizeof(float) * (M * N + 128))); 	
       49             	float *tmp = static_cast<float*>(malloc(sizeof(float) * M * K));
       50             	memcpy(tmp, this->kernel_data, sizeof(float) * M * K);
       51             
       52                 free(this->kernel_data);
       53                 free(this->output_data);
       54             
       55                 int padding_input_size = (input_width  + padding_left + padding_right) 
       56                                         * (input_height + padding_top  + padding_bottom);
       57             
       58                 this->kernel_data = static_cast<float*>(_mm_malloc(sizeof(float) * M * K, 256));
       59                 this->transform_input_data = static_cast<float*>(_mm_malloc(sizeof(float) * N * K, 256));
       60                 this->padding_input_data = static_cast<float*>(_mm_malloc(sizeof(float) * padding_input_size * input_channels, 256));
       61                 this->output_data = static_cast<float*>(_mm_malloc(sizeof(float) * (M * N + 128), 256)); 	
       62             
       63                 memcpy(kernel_data, tmp, sizeof(float) * M * K);
       64                 memset(padding_input_data, 0, sizeof(float) * padding_input_size * input_channels);
       65                 memset(output_data, 0, sizeof(float) * (M * N + 128));
       66             
       67             	free(tmp);
       68             
       69                 if (this->num_threads > 1) {
       70                     this->gemm_version = GEMM_BLOCKS_MULTI_THREADS;
       71                 } else {
       72                     if (M <= 32 && N <= 32 && K <= 32)
       73                         this->gemm_version = GEMM_NO_BLOCKS;
       74                     else
       75                         this->gemm_version = GEMM_BLOCKS_SINGLE_THREAD;
       76                 }
       77             
       78                 // // initialize data
       79                 // this->im2col_v1();
       80             }
       81             
       82             ConvIm2colLayer::~ConvIm2colLayer() {
       83                 free(this->transform_input_data);
       84                 free(this->padding_input_data);
       85    i        }
       86             
       87             void ConvIm2colLayer::select_tuning_range_for_mnk(size_t &l1_bound, size_t &l2_bound,
       88                                                               int &mc_begin, int &mc_end, int &mc_step, 
       89                                                               int &nc_begin, int &nc_end, int &nc_step, 
       90                                                               int &kc_begin, int &kc_end, int &kc_step) {
       91                 
       92                 int max_tuning_num = 1024;
       93             
       94                 // int mc_num = ((M < 128 ? M : 128) - 1) / row_batch + 1;
       95                 int mc_num = (M - 1) / row_batch + 1;
       96                 int nc_num = (N - 1) / col_batch + 1;
       97                 int kc_num = (K < 8 ? K : 8);
       98             
       99                 if(mc_num * nc_num > max_tuning_num)	{
      100                     //OC will be divided at most 64 parts.
      101                     if(mc_num >= 64)	          
      102                         mc_num = 64;	
      103                     //All the others will be used on tile
      104                     if(nc_num > max_tuning_num / mc_num)  
      105                         nc_num = max_tuning_num / mc_num; 
      106                 }
      107             
      108                 int M_step = (M - 1) / (row_batch * mc_num) + 1;
      109                 int N_step = (N - 1) / (col_batch * nc_num) + 1;
      110                 int K_step = (K - 1) / kc_num + 1;
      111             
      112                 mc_step = M_step * row_batch;
      113                 nc_step = N_step * col_batch;
      114                 kc_step = K_step;
      115             
      116                 mc_begin = M_step * row_batch;
      117                 mc_end   = M_step * row_batch * mc_num;
      118             
      119                 nc_begin = N_step * col_batch;
      120                 nc_end   = N_step * col_batch * nc_num;
      121             
      122                 kc_begin = K_step;
      123                 kc_end   = K_step * kc_num;
      124             
      125                 // mc_begin = 8;
      126                 // mc_end   = 32 - 1;
      127                 // mc_step  = 24;
      128                 
      129                 // kc_step  = this->col_batch;
      130                 // kc_end   = ((size_t)(this->K * mc_begin) < l1_bound 
      131                 //                 ? align_ceil(this->K, kc_step) 
      132                 //                 : align_ceil(l1_bound/(size_t)mc_begin, kc_step));
      133                 // kc_begin = align_ceil(kc_end/8, kc_step);
      134             
      135                 // nc_step  = this->col_batch;
      136                 // nc_end   = (this->N < 1024 ? align_ceil(this->N, this->col_batch) : 1024);
      137                 // nc_begin = align_ceil(nc_end/8, nc_step);
      138                 
      139             }
      140             
      141             void ConvIm2colLayer::select_tuning_range_for_pack(int &pc_begin, int &pc_end, int &pc_step,
      142                                                                int &pb_begin, int &pb_end, int &pb_step) {
      143                 pb_begin = 0;
      144                 pb_step  = 1;
      145                 pb_end   = 1 - 1;
      146                 if (gemm_version == GEMM_BLOCKS_MULTI_THREADS)
      147                     pb_end = 2;
      148                 
      149                 pc_begin = 0;
      150                 pc_step  = 1;
      151                 pc_end   = 1 - 1;
      152             }
      153             
      154             void ConvIm2colLayer::select_tuning_range_for_prefetch(int &pre_a_begin, int &pre_a_end, int &pre_a_step,
      155                                                                    int &pre_b_begin, int &pre_b_end, int &pre_b_step,
      156                                                                    int &pre_c_begin, int &pre_c_end, int &pre_c_step) {
      157                 pre_a_begin = 256;
      158                 pre_a_step  = 256;
      159                 pre_a_end   = 512 - 1;
      160             
      161                 pre_b_begin = 256;
      162                 pre_b_step  = 256;
      163                 pre_b_end   = 512 - 1;
      164             
      165                 pre_c_begin = 0;
      166                 pre_c_step  = 256;
      167                 pre_c_end   = 256 - 1;
      168             }
      169             
      170             bool ConvIm2colLayer::search_log_file_and_entry(const char *log_path) {
      171                 bool is_log_entry_exist = false;
      172                 FILE *log_file = fopen(log_path, "a+");
      173                 fseek(log_file, 0, SEEK_SET);
      174                 int M, N, K, mc, nc, kc, row_batch, col_batch, gemm_version, pc_version, pb_version, pre_a, pre_b, pre_c;
      175                 if (log_file != nullptr) {
                       <<< Loop-information Start >>>
                       <<<  [OPTIMIZATION]
                       <<<    SPILLS :
                       <<<      GENERAL   : SPILL 0  FILL 9
                       <<<      SIMD&FP   : SPILL 0  FILL 0
                       <<<      SCALABLE  : SPILL 0  FILL 0
                       <<<      PREDICATE : SPILL 0  FILL 0
                       <<< Loop-information  End >>>
      176                     while (fscanf(log_file, "%d, %d, %d, %d, %d, %d, %d, %d, %d, %d, %d, %d, %d, %d", 
      177          s                      &M, &N, &K, &mc, &nc, &kc, &row_batch, &col_batch, &gemm_version, &pc_version, &pb_version, &pre_a, &pre_b, &pre_c) != EOF) {
      178          s  	    if (M == this->M && N == this->N && K == this->K && gemm_version == this->gemm_version) {
      179                             is_log_entry_exist = true;
      180                             this->mc = mc;
      181                             this->nc = nc; 
      182                             this->kc = kc;
      183                             this->row_batch = row_batch;
      184                             this->col_batch = col_batch;
      185                             this->pack_c_version = pc_version; 
      186                             this->mt_pack_b_version = pb_version;
      187                             this->prefetch_a = pre_a;
      188                             this->prefetch_b = pre_b;
      189                             this->prefetch_c = pre_c;
      190                             break;
      191                         }
      192          s          }
      193                 }
      194                 fclose(log_file);
      195                 return is_log_entry_exist;
      196             }
      197             
      198             void ConvIm2colLayer::search_best_param(int &best_mc, int &best_nc, int &best_kc, int &best_rb, int &best_cb,
      199                                                     int &best_pc, int &best_pb, int &best_pre_a, int &best_pre_b, int &best_pre_c) {
      200                 size_t l1_cache_size_per_core = 65536;
      201                 size_t l2_cache_size_per_core = 524288;
      202                 get_cache_info(l1_cache_size_per_core, l2_cache_size_per_core);
      203                 size_t l1_bound = l1_cache_size_per_core / 2 / sizeof(float);
      204                 size_t l2_bound = l2_cache_size_per_core / 2 / sizeof(float);
      205                 printf("l1cache:%ubytes\n",(size_t)l1_cache_size_per_core);
      206                 printf("l2cache:%ubytes\n",(size_t)l2_cache_size_per_core);
      207             
      208    i            Timer timer;
      209                 int n_loop = 1;
      210                 double elapsed_time;
      211                 double best_time = static_cast<double>(INT64_MAX);
      212                 RegisterKernel best_kernel;
      213             
      214    i            std::vector<RegisterKernel> kernels;
      215                 // kernels.push_back(RegisterKernel(8, 8));
      216                 // kernels.push_back(RegisterKernel(8, 12));
      217                 // kernels.push_back(RegisterKernel(4, 16));
      218    i            kernels.push_back(RegisterKernel(12, 32));
      219                 // kernels.push_back(RegisterKernel(4, 64));
      220                 // kernels.push_back(RegisterKernel(14, 32));
      221                 // kernels.push_back(RegisterKernel(10, 32));
      222                 // kernels.push_back(RegisterKernel(8, 32));
      223    i            kernels.push_back(RegisterKernel(8, 48));
      224                 int mc_begin, mc_end, mc_step, nc_begin, nc_end, nc_step, kc_begin, kc_end, kc_step;
      225                 int pc_begin, pc_end, pc_step, pb_begin, pb_end, pb_step;
      226                 int pre_a_begin, pre_a_end, pre_a_step, pre_b_begin, pre_b_end, pre_b_step, pre_c_begin, pre_c_end, pre_c_step;
      227             
      228                 printf("tuning begin...\n");
      229                 printf("M=%d, N=%d, K=%d\n", this->M, this->N, this->K);
      230                 
      231    i            for (std::vector<RegisterKernel>::iterator it = kernels.begin(); it != kernels.end(); it++) {
      232    i                this->row_batch = it->row_batch;
      233    i                this->col_batch = it->col_batch;
      234                     select_tuning_range_for_mnk(l1_cache_size_per_core, l2_cache_size_per_core, mc_begin, mc_end, mc_step, nc_begin, nc_end, nc_step, kc_begin, kc_end, kc_step);
      235    i                select_tuning_range_for_pack(pc_begin, pc_end, pc_step, pb_begin, pb_end, pb_step);
      236    i                select_tuning_range_for_prefetch(pre_a_begin, pre_a_end, pre_a_step, pre_b_begin, pre_b_end, pre_b_step, pre_c_begin, pre_c_end, pre_c_step);
      237             
      238                     size_t cur_round = 0;
      239                     size_t total_round = ((size_t)((mc_end - mc_begin) / mc_step + 1) 
      240                                         * (size_t)((nc_end - nc_begin) / nc_step + 1) 
      241                                         * (size_t)((kc_end - kc_begin) / kc_step + 1));
      242             
      243                     printf("mc_begin=%d, mc_end=%d, mc_num=%u\n", mc_begin, mc_end, (size_t)((mc_end - mc_begin) / mc_step + 1));
      244                     printf("nc_begin=%d, nc_end=%d, nc_num=%u\n", nc_begin, nc_end, (size_t)((nc_end - nc_begin) / nc_step + 1));
      245                     printf("kc_begin=%d, kc_end=%d, kc_num=%u\n", kc_begin, kc_end, (size_t)((kc_end - kc_begin) / kc_step + 1));
      246             
      247                     printf("This register kernel is %d x %d\n", this->row_batch, this->col_batch);
      248                     printf("==============================\n");
      249                     printf("cur/total round of this kernel: %d/%lld\n", 1, total_round);
      250             
      251                     for (int m = mc_begin; m <= mc_end; m += mc_step) {
      252                         for (int n = nc_begin; n <= nc_end; n += nc_step) {
      253                             for (int k = kc_begin; k <= kc_end; k += kc_step) {
      254             //                    if ((size_t)(m * k) > l1_bound || (size_t)(k * n) > l2_bound) {
      255             //                        cur_round += (kc_end - k) / kc_step + 1;
      256             //                        break;
      257             //                    }
      258             					if (n > this->N)
      259             						break;
      260                                 cur_round++;
      261             		    if (cur_round == total_round) {
      262                                     printf("==============================\n");
      263                                     printf("cur/total round of this kernel: %d/%lld\n", cur_round, total_round);
      264                                     printf("best time: %fms\n", best_time);
      265             		    } else if (cur_round % 50 == 0) {
      266                                     printf("==============================\n");
      267                                     printf("cur/total round of this kernel: %d/%lld\n", cur_round, total_round);
      268                                     printf("best time: %fms\n", best_time);
      269                                 }
      270                                 for (int pc_version = pc_begin; pc_version <= pc_end; pc_version += pc_step) {
      271                                     for (int pb_version = pb_begin; pb_version <= pb_end; pb_version += pb_step) {
      272                                         for (int pre_a = pre_a_begin; pre_a <= pre_a_end; pre_a += pre_a_step) {
      273                                             for (int pre_b = pre_b_begin; pre_b <= pre_b_end; pre_b += pre_b_step) {
                       <<< Loop-information Start >>>
                       <<<  [OPTIMIZATION]
                       <<<    SPILLS :
                       <<<      GENERAL   : SPILL 4  FILL 45
                       <<<      SIMD&FP   : SPILL 0  FILL 0
                       <<<      SCALABLE  : SPILL 0  FILL 0
                       <<<      PREDICATE : SPILL 0  FILL 0
                       <<< Loop-information  End >>>
      274                                                 for (int pre_c = pre_c_begin; pre_c <= pre_c_end; pre_c += pre_b_step) {
      275                                                     this->mc = m; 
      276                                                     this->nc = n; 
      277                                                     this->kc = k;
      278             										printf("mc = %d, nc = %d, kc = %d\n", this->mc, this->nc, this->kc);
      279                                                     this->pack_c_version = pc_version; 
      280                                                     this->mt_pack_b_version = pb_version;
      281                                                     this->prefetch_a = pre_a;
      282                                                     this->prefetch_b = pre_b;
      283                                                     this->prefetch_c = pre_c;
      284                                                     
      285                                                     this->Init();
      286                                                     // this->im2col_v1();
      287                                                     int warmup_loop = 5;
                       <<< Loop-information Start >>>
                       <<<  [OPTIMIZATION]
                       <<<    FULL UNROLLING
                       <<< Loop-information  End >>>
      288         f                                           for (int i = 0; i < warmup_loop; i++) {
      289                                                         // this->im2col_v1();
      290    i    f                                               this->sgemm();
      291         f                                           }
      292             
      293                                                     timer.startBench();
      294                                                     for (int i = 0; i < n_loop; i++) 
      295                                                         this->Forward();
      296                                                     elapsed_time = timer.endBench(n_loop);
      297             
      298                                                     // this->Init();
      299                                                     // timer.startBench();
      300                                                     // for (int i = 0; i < n_loop; i++) 
      301                                                     //     this->Forward();
      302                                                     // elapsed_time = timer.endBench(n_loop);
      303                                                     if (elapsed_time < best_time) {
      304                                                         best_time = elapsed_time;
      305                                                         printf("update best time: %fms\n", best_time);
      306                                                         best_mc = m;
      307                                                         best_nc = n;
      308                                                         best_kc = k;
      309    i                                                    best_rb = it->row_batch;
      310    i                                                    best_cb = it->col_batch;
      311                                                         best_pc = pc_version;
      312                                                         best_pb = pb_version;
      313                                                         best_pre_a = pre_a;
      314                                                         best_pre_b = pre_b;
      315                                                         best_pre_c = pre_c;
      316                                                     }
      317                                                 }
      318                                             }
      319                                         }
      320                                     }
      321                                 }
      322                             }
      323                         }
      324                     }
      325    i            }
      326             }
      327             
      328             void ConvIm2colLayer::write_best_param(const char *log_path, int &best_mc, int &best_nc, int &best_kc, int &best_rb, int &best_cb, 
      329                                                    int &best_pc, int &best_pb, int &best_pre_a, int &best_pre_b, int &best_pre_c) {
      330                 FILE *log_file = fopen(log_path, "a+");
      331                 this->mc = best_mc;
      332                 this->nc = best_nc;
      333                 this->kc = best_kc;
      334                 this->row_batch = best_rb;
      335                 this->col_batch = best_cb;
      336                 this->pack_c_version = best_pc;
      337                 this->mt_pack_b_version = best_pb;
      338                 this->prefetch_a = best_pre_a;
      339                 this->prefetch_b = best_pre_b;
      340                 this->prefetch_c = best_pre_c;
      341                 if (log_file != nullptr)
      342                 	fprintf(log_file, "%d, %d, %d, %d, %d, %d, %d, %d, %d, %d, %d, %d, %d, %d\n", 
      343                             this->M, this->N, this->K, best_mc, best_nc, best_kc, best_rb, best_cb, 
      344                             this->gemm_version, best_pc, best_pb, best_pre_a, best_pre_b, best_pre_c);
      345                 else 
      346             	    printf("write best param error.\n");
      347                 fclose(log_file);
      348             }
      349             
      350             int ConvIm2colLayer::Init() {
      351                 printf("Algorithm: im2col\n");
      352    i            this->set_pack_a();
      353    i            this->set_pack_b();
      354    i            this->set_pack_c();
      355    i            this->set_unpack_c();
      356    i            this->set_inner_kernel();
      357    i            this->set_inner_kernel_for_corner(this->M % row_batch);
      358                 if (gemm_version == GEMM_BLOCKS_MULTI_THREADS)
      359    i                this->set_pack_b_mt();
      360                 this->padding_input();
      361                 return 1;
      362             }
      363             
      364             void fill_test_data(float* input, int M, int N) {
      365                 for (int i = 0; i < M; i++) {
                       <<< Loop-information Start >>>
                       <<<  [OPTIMIZATION]
                       <<<    PREFETCH(SOFT) : 2
                       <<<     SEQUENTIAL : 2
                       <<<      (unknown): 2
                       <<< Loop-information  End >>>
      366          s          for (int j = 0; j < N; j++) {
      367          s              input[i*N + j] = 256 *rand() / double(RAND_MAX);
      368          s          }
      369                 }
      370             }
      371             
      372             void printf_matrix(float* res, int M, int N) {
      373                 for (int i = 0; i < M; i++) {
                       <<< Loop-information Start >>>
                       <<<  [OPTIMIZATION]
                       <<<    PREFETCH(SOFT) : 2
                       <<<     SEQUENTIAL : 2
                       <<<      (unknown): 2
                       <<< Loop-information  End >>>
      374         2           for (int j = 0; j < N; j++) {
      375         2               printf("%.4f ", res[i * N + j]);
      376         2           }
      377                     printf("\n");
      378                 }
      379             }
      380             
      381             int ConvIm2colLayer::Forward() {
      382    i            Timer im2col_profiler;
      383    i            Timer gemm_profiler;
      384    i            Timer total;
      385             
      386                 int warmup_loop = 5;
                       <<< Loop-information Start >>>
                       <<<  [OPTIMIZATION]
                       <<<    FULL UNROLLING
                       <<< Loop-information  End >>>
      387         f       for (int i = 0; i < warmup_loop; i++) {
      388                     // this->im2col_v1();
      389    i                this->sgemm();
      390                 }
      391             
      392                 memset(output_data, 0, sizeof(float) * (M * N + 32));
      393             
      394                 for (int i = 0; i < iterations; i++) {
      395                     total.startBench();
      396                     im2col_profiler.startBench();
      397                     // this->im2col_v1();
      398                     im2col_profiler.accumBench();
      399             
      400                     gemm_profiler.startBench();
      401    i                this->sgemm();
      402                     gemm_profiler.accumBench();
      403                     total.accumBench();
      404                 }
      405             
      406                 im2col_profiler.printBench("Im2colTran time:", iterations);
      407                 gemm_profiler.printBench("Gemm time:", iterations);
      408                 total.printBench("Total time:", iterations);
      409             
      410                 double gflops = (2.0 * this->M * this->N * this->K) / 1000000.0 / total.getBench(iterations);
      411                 double efficiency = gflops / 128.0 * 100.0;
      412                 printf("M = %d, N = %d, K = %d\n", this->M, this->N, this->K);
      413                 printf("Efficency: %lf \%, GFlops: %lf \n", efficiency, gflops);
      414             
      415                 // float *output_data_ref = new float[M * N + 32];
      416                 // memset(output_data_ref, 0, sizeof(float) * (M * N + 32));
      417                 // GEMM(kernel_data, transform_input_data, output_data_ref);
      418                 // if (output_data_ref != NULL)
      419                 //   float dis = diff(output_data_ref, output_data, this->M, this->N);
      420             	// delete [] output_data_ref;
      421             
      422             //    printf_matrix(output_data, M, N);
      423             //    printf("---------------\n");
      424             //    printf_matrix(output_data_ref, M, N);
      425             
      426             
      427                 // printf("c[0] = %f, c[1] = %f, c[2] = %f\n", output_data[0], output_data[1], output_data[2]);
      428                 // printf("c_ref[0] = %f, c_ref[1] = %f, c_ref[2] = %f\n", output_data_ref[0], output_data_ref[1], output_data_ref[2]);
      429                 if (output_ref != NULL)
      430                     float dis = diff(output_ref, output_data, output_channels *  output_height * output_width);
      431                 
      432             
      433    i            return 1;
      434             }
      435             
      436             int ConvIm2colLayer::Tuning() {
      437                 const char *log_path;
      438                 bool is_log_entry_exist = false;
      439                 if(opendir("./gemm_log") == nullptr)
      440                     mkdir("./gemm_log", 0775);
      441             #ifdef __APPLE__
      442                 log_path = "./gemm_log/mac_tuning_log";
      443             #else
      444                 log_path = "./gemm_log/linux_tuning_log";
      445             #endif
      446             
      447                 is_log_entry_exist = search_log_file_and_entry(log_path);
      448                 if (is_log_entry_exist) {   // the entry exists
      449                     printf("log entry exists.\n");
      450             	return 1;
      451                 } else {     // the entry dosen't exist
      452                     printf("log entry doesn't exist.\n");
      453                     int best_mc, best_nc, best_kc, best_rb, best_cb, best_pc, best_pb, best_pre_a, best_pre_b, best_pre_c;
      454                     this->search_best_param(best_mc, best_nc, best_kc, best_rb, best_cb, best_pc, best_pb, best_pre_a, best_pre_b, best_pre_c);
      455                     this->write_best_param(log_path, best_mc, best_nc, best_kc, best_rb, best_cb, best_pc, best_pb, best_pre_a, best_pre_b, best_pre_c);
      456                 }
      457                 return 1;
      458             }
      459             
      460             void ConvIm2colLayer::im2col() {
      461                 int stride = output_height * output_width * kernel_height * kernel_width;
      462                 float* ret = transform_input_data;
      463                 for (int ic = 0; ic < input_channels; ic++) {
      464                     int ret_idx = ic * stride;
      465                     for (int u = 0; u < kernel_height; u++) {
      466                         for (int v = 0; v < kernel_width; v++) {
      467                             for (int i = 0; i < output_height; i++) {
                       <<< Loop-information Start >>>
                       <<<  [OPTIMIZATION]
                       <<<    PREFETCH(SOFT) : 2
                       <<<     SEQUENTIAL : 2
                       <<<      (unknown): 2
                       <<< Loop-information  End >>>
      468                                 for (int j = 0; j < output_width; j++) {
      469                                     int row = u - padding_top + i * stride_height;
      470                                     int col = v - padding_left + j * stride_width;
      471                                     if (row < 0 || row >= input_height || col < 0 || col >= input_width) {
      472                                         ret[ret_idx] = 0;
      473                                     }
      474                                     else {
      475                                         int idx = ic * input_height * input_width + row * input_width + col;
      476                                         ret[ret_idx] = input_data[idx];
      477                                     }
      478                                     ++ret_idx;
      479                                 }
      480                             }
      481                         }
      482                     }
      483                 }
      484             }
      485             
      486             void ConvIm2colLayer::im2col_v1() {
      487                 int padding_input_width  = input_width  + padding_left + padding_right;
      488                 int padding_input_height = input_height + padding_top  + padding_bottom;
      489                 int padding_input_size   = padding_input_height * padding_input_width;
      490                 int input_size = input_height * input_width;
      491             
      492                 float* padding_input_data = static_cast<float*>(_mm_malloc(sizeof(float) * padding_input_size * input_channels, 64));
      493                 memset(padding_input_data, 0, sizeof(float) * padding_input_size * input_channels);
      494             
      495                 for (int ic = 0; ic < input_channels; ic++) {
      496                     float* padding_input_ptr = padding_input_data + ic * padding_input_size + padding_top * padding_input_width + padding_left;
      497                     float* input_ptr         = input_data + ic * input_size;
      498                     for (int row = 0; row < input_height; row++) {
      499                         memcpy(padding_input_ptr, input_ptr, sizeof(float) * input_width);
      500                         padding_input_ptr += padding_input_width;
      501                         input_ptr += input_width;
      502                     }
      503                 }
      504                 int transform_input_height = input_channels * kernel_height * kernel_width;
      505                 int transform_input_width  = output_height  * output_width;
      506                 int transform_input_size = transform_input_height * transform_input_width;
      507                 float* in, *in_ptr, *in_ptr_copy;
      508                 float* transform_in_ptr = transform_input_data;
      509             
      510             
      511                 int padding_width = padding_left + padding_right;
      512                 int step = stride_height * padding_input_width;
      513                 // input transform
      514                 for (int ic = 0; ic < input_channels; ic++) {
      515                     in = padding_input_data + ic*padding_input_size;
      516                     for (int u = 0; u < kernel_height; u++) {
      517                         for (int v = 0; v < kernel_width; v++) {
      518                             in_ptr_copy = in + u*padding_input_width + v;
      519                             for (int i = 0; i < output_height; i++) {
      520                                 in_ptr = in_ptr_copy + i*step;
                       <<< Loop-information Start >>>
                       <<<  [OPTIMIZATION]
                       <<<    PREFETCH(SOFT) : 2
                       <<<     SEQUENTIAL : 2
                       <<<      (unknown): 2
                       <<< Loop-information  End >>>
      521                                 for (int j = 0; j < output_width; j++) {
      522                                     *transform_in_ptr = *in_ptr;
      523                                     ++transform_in_ptr;
      524                                     in_ptr += stride_width;
      525                                 }
      526                             }
      527                         }
      528                     }
      529                 }
      530             	// fill_test_data(kernel_data, M, K);
      531                 // fill_test_data(transform_input_data, K, N);
      532             }
      533             
      534             void ConvIm2colLayer::padding_input() {
      535                 int padding_input_width  = input_width  + padding_left + padding_right;
      536                 int padding_input_height = input_height + padding_top  + padding_bottom;
      537                 int padding_input_size   = padding_input_height * padding_input_width;
      538                 int input_size = input_height * input_width;
      539             
      540                 for (int ic = 0; ic < input_channels; ic++) {
      541                     float* padding_input_ptr = padding_input_data + ic * padding_input_size + padding_top * padding_input_width + padding_left;
      542                     float* input_ptr         = input_data + ic * input_size;
      543                     for (int row = 0; row < input_height; row++) {
      544                         memcpy(padding_input_ptr, input_ptr, sizeof(float) * input_width);
      545                         padding_input_ptr += padding_input_width;
      546                         input_ptr += input_width;
      547                     }
      548                 }
      549             }
      550             
      551             void ConvIm2colLayer::im2col_v1_fused_packB_Nx32(int kc_adjust, int nc_adjust, float* src, float* packB_copy, 
      552                                                             int begin_k, int begin_n, const int ROW_BATCH, const int COL_BATCH) {
      553                 int padding_input_width  = input_width  + padding_left + padding_right;
      554                 int padding_input_height = input_height + padding_top  + padding_bottom;
      555                 int padding_input_size   = padding_input_height * padding_input_width;
      556                 int output_size = output_height * output_width;
      557                 int kernel_size = kernel_height * kernel_width;
      558                 // convert the index of GEMM to the param of src
      559                 int nt_res, nt_res1, kt_res, ic_idx;
      560                 int kw_idx, kh_idx, oh_begin_idx, oh_end_idx, ow_begin_idx, ow_end_idx;
      561             
      562             #ifdef __ARM_FEATURE_SVE
      563                 float* in, *in_ptr, *in_ptr_copy;
      564                 svbool_t pg = svptrue_b32();
      565                 int remain_col_start = nc_adjust - nc_adjust % COL_BATCH;
      566             
      567             	fapp_start("bar",1,0);
                       <<< Loop-information Start >>>
                       <<<  [OPTIMIZATION]
                       <<<    PREFETCH(SOFT) : 2
                       <<<     SEQUENTIAL : 2
                       <<<      (unknown): 2
                       <<< Loop-information  End >>>
      568                 for (int kt = 0; kt < kc_adjust; kt++) {
      569                     ic_idx = (begin_k + kt) / kernel_size; 
      570                     kt_res = (begin_k + kt) % kernel_size;
      571                     kh_idx = kt_res / kernel_width;
      572                     kw_idx = kt_res % kernel_width;
      573                     in = src + ic_idx * padding_input_size 
      574                              + kh_idx * padding_input_width + kw_idx;
      575                     float *packB_copy_copy = packB_copy + kt * COL_BATCH;
      576             		float *tmp = packB_copy_copy;
      577             
      578             		#pragma loop swp
      579             		#pragma loop prefetch
      580             		#pragma loop prefetch_sequential soft
      581                     for (int nt = 0; nt < remain_col_start; nt += COL_BATCH) {
      582             			asm volatile("prfm pldl1keep, [%[in], #256]\n" ::[in]"r"(in_ptr):);
      583             			asm volatile("prfm pldl1keep, [%[in], #512]\n" ::[in]"r"(in_ptr):);
      584             
      585                         oh_begin_idx = (begin_n + nt) / output_width;
      586                         ow_begin_idx = (begin_n + nt) % output_width;
      587                         // oh_begin_idx = fast_division::divide32<56>::quotient(begin_n + nt);
      588                         // ow_begin_idx = fast_division::divide32<56>::remainder(begin_n + nt);
      589             
      590                         oh_end_idx = (begin_n + nt + COL_BATCH - 1) / output_width;
      591                         ow_end_idx = (begin_n + nt + COL_BATCH - 1) % output_width;
      592                         // oh_end_idx = fast_division::divide32<56>::quotient(begin_n + nt + remain - 1);
      593                         // ow_end_idx = fast_division::divide32<56>::remainder(begin_n + nt + remain - 1);
      594             
      595                         in_ptr = in + oh_begin_idx * padding_input_width + ow_begin_idx;
      596             			tmp = packB_copy_copy + nt * kc_adjust;
      597             
      598                         // COL_BATCH numbers of elems are stored in one row
      599                         if (oh_begin_idx == oh_end_idx) {
      600             				// memcpy(tmp, in_ptr, sizeof(float)*remain);
      601                             svst1_f32(pg, tmp,      svld1_f32(pg, in_ptr));
      602                             svst1_f32(pg, tmp + 16, svld1_f32(pg, in_ptr + 16));
      603             				tmp += COL_BATCH;
      604             				in_ptr += COL_BATCH;
      605             /*
      606                             for (int i = 0; i < remain; i++) {
      607                                 *tmp = *in_ptr;
      608                                 tmp++;
      609                                 // in_ptr += stride_width;
      610                                 in_ptr++;
      611                             }
      612             */
      613                         // COL_BATCH numbers of elems are across several rows
      614             			} else {
      615              				for (int i = oh_begin_idx; i <= oh_end_idx; i++) {
      616              					int j_begin = 0, j_end = output_width-1;
      617              					if (i == oh_begin_idx) {
      618              						j_begin = ow_begin_idx;
      619              					} else if (i == oh_end_idx) {
      620              						j_end = ow_end_idx;
      621              					}
      622             
      623             					#pragma loop simd
                       <<< Loop-information Start >>>
                       <<<  [OPTIMIZATION]
                       <<<    PREFETCH(SOFT) : 4
                       <<<     SEQUENTIAL : 4
                       <<<      (unknown): 4
                       <<< Loop-information  End >>>
      624         2                        for (int j = j_begin; j <= j_end; j++) {
      625         2                        	*tmp = *in_ptr;
      626         2                        	tmp++;
      627         2                        	in_ptr++;
      628         2    					}
      629             
      630              					// memcpy(tmp, in_ptr, sizeof(float)*(j_end-j_begin+1));
      631              					// tmp += j_end-j_begin+1;
      632             /*
      633              					for (int j = j_begin; j <= j_end; j++) {
      634                                  	*tmp = *in_ptr;
      635                                  	tmp++;
      636                                  	// in_ptr += stride_width;
      637                                  	in_ptr++;
      638              					}
      639             */
      640             //                 	in_ptr += (stride_height - 1) * padding_input_width - stride_width + kernel_width;
      641                              	in_ptr += kernel_width - 1;
      642             				}
      643             			}
      644                     }
      645             
      646                     if (remain_col_start < nc_adjust) {
      647                         int remain = nc_adjust - remain_col_start;
      648             
      649             			asm volatile("prfm pldl1keep, [%[in]]\n" ::[in]"r"(in_ptr):);
      650             
      651                         oh_begin_idx = (begin_n + remain_col_start) / output_width;
      652                         ow_begin_idx = (begin_n + remain_col_start) % output_width;
      653                         oh_end_idx = (begin_n + remain_col_start + remain - 1) / output_width;
      654                         ow_end_idx = (begin_n + remain_col_start + remain - 1) % output_width;
      655             
      656                         in_ptr = in + oh_begin_idx * padding_input_width + ow_begin_idx;
      657             			tmp = packB_copy_copy + remain_col_start * kc_adjust;
      658             
      659                         // remain numbers of elems are stored in one row
      660                         if (oh_begin_idx == oh_end_idx) {
                       <<< Loop-information Start >>>
                       <<<  [OPTIMIZATION]
                       <<<    PREFETCH(SOFT) : 4
                       <<<     SEQUENTIAL : 4
                       <<<      (unknown): 4
                       <<< Loop-information  End >>>
      661         2                   for (int i = 0; i < remain; i++) {
      662         2                       *tmp = *in_ptr;
      663         2                       tmp++;
      664         2                       in_ptr++;
      665         2                   }
      666                         // remain numbers of elems are across several rows
      667             			} else {
      668              				for (int i = oh_begin_idx; i <= oh_end_idx; i++) {
      669              					int j_begin = 0, j_end = output_width-1;
      670              					if (i == oh_begin_idx) {
      671              						j_begin = ow_begin_idx;
      672              					} else if (i == oh_end_idx) {
      673              						j_end = ow_end_idx;
      674              					}
      675             
                       <<< Loop-information Start >>>
                       <<<  [OPTIMIZATION]
                       <<<    PREFETCH(SOFT) : 4
                       <<<     SEQUENTIAL : 4
                       <<<      (unknown): 4
                       <<< Loop-information  End >>>
      676         2    					for (int j = j_begin; j <= j_end; j++) {
      677         2                        	*tmp = *in_ptr;
      678         2                        	tmp++;
      679         2                        	in_ptr++;
      680         2    					}
      681             
      682             //                 	in_ptr += (stride_height - 1) * padding_input_width - stride_width + kernel_width;
      683                              	in_ptr += padding_input_width - 1 + kernel_width;
      684             				}
      685             			}
      686             
      687                         // set (COL_BATCH - remain) elems to 0
                       <<< Loop-information Start >>>
                       <<<  [OPTIMIZATION]
                       <<<    SIMD(VL: 16)
                       <<<    SOFTWARE PIPELINING(IPC: 1.80, ITR: 192, MVE: 2, POL: S)
                       <<<    PREFETCH(SOFT) : 4
                       <<<     SEQUENTIAL : 4
                       <<<      (unknown): 4
                       <<< Loop-information  End >>>
      688         4v              for (int i = remain; i < COL_BATCH; i++) {
      689         4v                  *tmp = 0;
      690         4v                  tmp++;
      691         4v              }
      692               
      693                   	}
      694             
      695                 }
      696             	fapp_stop("bar",1,0);
      697             #endif /* __ARM_FEATURE_SVE */
      698             }
      699             
      700             void ConvIm2colLayer::sgemm() {
      701                 switch(gemm_version) {
      702                     case GEMM_NO_BLOCKS:
      703                         GEMM(kernel_data, transform_input_data, output_data);
      704                     break;
      705             
      706                     case GEMM_BLOCKS_SINGLE_THREAD:
      707                         GEMM_v3(kernel_data, transform_input_data, output_data);
      708                         // GEMM_v2(kernel_data, transform_input_data, output_data);
      709                         // GEMM_v5_MNK(kernel_data, transform_input_data, output_data);
      710             
      711                     break;
      712             
      713                     case GEMM_BLOCKS_MULTI_THREADS:
      714                         GEMM_multithread(kernel_data, transform_input_data, output_data);
      715                     break;
      716                 }
      717             }
      718             
      719             void ConvIm2colLayer::GEMM(float* A, float* B, float* C) {
      720                 int A_row = M;
      721                 int A_col = K;
      722                 int B_row = K;
      723                 int B_col = N;
      724                 int C_row = A_row;
      725                 int C_col = B_col;
      726             
      727                 // 这个版本虽然访存连续，但是矩阵B会被重复读取outputChannel次，增加了访存次数
      728                 // 因此需要考虑分块，使矩阵中每一个块只需要被读一次，在访存连续的情况下，减少访存次数
      729             /*
      730                float* B_ptr;
      731                for (int k = 0; k < A_row; k++)
      732                {
      733                    B_ptr = B;
      734                    for (int i = 0; i < A_col; i++) 
      735                    {
      736                       float temp = *(A + k*A_col + i);
      737                        for (int j = 0; j < B_col; j++)
      738                        {
      739                            *(C + k*C_col + j) += temp * *B_ptr;
      740                            ++B_ptr;
      741                        }
      742                    }
      743                }
      744             */
      745                 for(int i=0;i<A_row;i++){
      746                     for(int j=0;j<B_col;j++){
      747         2               for(int k=0;k<A_col;k++){
      748         2                   *(C + i * C_col + j ) += *(A + i * A_col + k) * *(B + k * B_col + j);
      749         2               }
      750                     }
      751                 }
      752             }
      753             
      754             void ConvIm2colLayer::GEMM_v2(float* A, float* B, float* C) {
      755                 int lda = K;
      756                 int ldb = N;
      757                 int ldc = N;
      758             
      759    i            Timer packA_timer;
      760    i            Timer packB_timer;
      761    i            Timer kernel_timer;
      762             
      763                 // 保证row_batch 能被 mc整除，否则会有bug
      764             
      765                 int packB_width;
      766                 int packB_height;
      767                 int packBC_width;
      768                 int packBC_height;
      769             
      770                 packBC_height = kc + mc;
      771                 packBC_width = align_ceil(nc, col_batch);
      772                 packB_height = kc;
      773                 packB_width = packBC_width;
      774                 // float *packB = new float[(kc + mc) * nc_ceil];
      775                 // float *packC = packB + kc * nc_ceil;
      776             
      777                 // float *packA = new float[M * kc]; 
      778                 // float *packB = new float[packBC_height * packBC_width];
      779                 float *packA = static_cast<float*>(_mm_malloc((M * kc + 16) * sizeof(float))); 
      780                 float *packB = static_cast<float*>(_mm_malloc((packBC_height * packBC_width + 16) * sizeof(float)));
      781                 float *packC = C;
      782                 if (this->pack_c_version != 0)
      783                     packC = packB + packB_height * packB_width;
      784                 // A中的一大整列M * kc，B中的一大整行kc * N
      785                 for (int kt = 0; kt < K; kt += kc)
      786                 {
      787                     int kc_adjust = min(kc, K - kt);
      788                     // packA_timer.startBench();
      789                     // 对A的一大整列做packing
      790                     this->pack_a(M, kc_adjust, A + kt, lda, packA, mc, kc, nc, row_batch, col_batch);
      791                     // packA_timer.accumBench();
      792                     // B中的一大块kc * nc
      793                     for (int nt = 0; nt < N; nt += nc)
      794                     {
      795                         int nc_adjust = min(nc, N - nt);
      796                         int nc_ceil = align_ceil(nc_adjust, col_batch);
      797                         float *packB_copy = packB;
      798             
      799             	    // packB_timer.startBench();
      800                         // 对B的一大块kc * nc做packing
      801                         this->pack_b(kc_adjust, nc_adjust, B + kt*ldb + nt, ldb, packB_copy, row_batch, col_batch);
      802                         // packB_timer.accumBench();
      803             
      804                         // 接着就是对A的一大列M * kc和B的一大块kc * nc进行计算
      805                         // 选择A的一大列的一小块
      806                         for (int mt = 0; mt < M; mt += mc)
      807                         {
      808                             int mc_adjust = min(mc, M - mt);
      809                             float *C_copy = C + mt * ldc + nt;
      810                             float *packC_copy;
      811                             int packC_ptr_step;
      812                             int packC_copy_step;
      813                             int packC_col;
      814             
      815                             if (this->pack_c_version == 0) {
      816                                 packC_ptr_step = 1;
      817                                 packC_copy_step = ldc;
      818                                 packC_copy = C_copy;
      819                                 packC_col = ldc;
      820                             }
      821                             else if (this->pack_c_version == 1) {
      822                                 packC_ptr_step = 1;
      823                                 packC_copy_step = nc_ceil;
      824                                 packC_copy = packC;
      825                                 packC_col = nc_ceil;
      826                             }
      827                             else if (this->pack_c_version == 2) {
      828                                 packC_ptr_step = mc_adjust;
      829                                 packC_copy_step = col_batch;
      830                                 packC_copy = packC;
      831                                 packC_col = nc_ceil;
      832                             }
      833             
      834                             // kernel_timer.startBench();
      835                             if (this->pack_c != nullptr)
      836                                 this->pack_c(mc_adjust, nc_adjust, nc_ceil, C_copy, packC_copy, ldc, row_batch, col_batch);
      837             
      838                             int start_remain_row = mc_adjust - mc_adjust % row_batch;
      839                             int step = col_batch * kc_adjust;
      840                             // 每次计算 row_batch 行
      841                             int i = 0;
      842                             for (; i < start_remain_row; i += row_batch) 
      843                             {
      844                                 float *packA_ptr = packA + (mt + i) * kc_adjust;
      845                                 float *packB_ptr = packB_copy;
      846                                 float *packC_copy_copy = packC_copy + i * packC_copy_step;
      847                                 float *packC_ptr;
      848                                 // 每次计算 col_batch 列。不足 col_batch 列的补0处理，因此也当成 col_batch 列进行计算
                       <<< Loop-information Start >>>
                       <<<  [OPTIMIZATION]
                       <<<    SPILLS :
                       <<<      GENERAL   : SPILL 0  FILL 1
                       <<<      SIMD&FP   : SPILL 0  FILL 0
                       <<<      SCALABLE  : SPILL 0  FILL 0
                       <<<      PREDICATE : SPILL 0  FILL 0
                       <<< Loop-information  End >>>
      849                                 for (int j = 0; j < nc_ceil; j += col_batch)
      850          s                      {
      851          s                          packC_ptr = packC_copy_copy + j * packC_ptr_step;
      852          s                          this->inner_kernel(kc_adjust, packA_ptr, packB_ptr, packC_ptr, packC_col, prefetch_a, prefetch_b, prefetch_c);
      853          s                          packB_ptr += step;
      854          s                      }
      855                             }
      856             
      857                             // 剩余不足 row_batch 行，单独处理
      858                             if (i < mc_adjust) {
      859                                 float *packA_ptr = packA + (mt + i) * kc_adjust;
      860                                 float *packB_ptr = packB_copy;
      861                                 float *packC_copy_copy = packC_copy + i * packC_copy_step;
      862                                 float *packC_ptr;
      863                                 int num_remain_row = mc_adjust - start_remain_row;
      864                                 //  每次计算 col_batch 列。不足 col_batch 列的补0处理，因此也当成 col_batch 列进行计算
                       <<< Loop-information Start >>>
                       <<<  [OPTIMIZATION]
                       <<<    SPILLS :
                       <<<      GENERAL   : SPILL 0  FILL 1
                       <<<      SIMD&FP   : SPILL 0  FILL 0
                       <<<      SCALABLE  : SPILL 0  FILL 0
                       <<<      PREDICATE : SPILL 0  FILL 0
                       <<< Loop-information  End >>>
      865                                 for (int j = 0; j < nc_ceil; j += col_batch)
      866          s                      {
      867          s                          packC_ptr = packC_copy_copy + j * packC_ptr_step;
      868          s                          this->inner_kernel_for_corner(kc_adjust, packA_ptr, packB_ptr, packC_ptr, packC_col);
      869          s                          packB_ptr += step;
      870          s                      }
      871                             }
      872                             if (this->unpack_c != nullptr)
      873                                 this->unpack_c(mc_adjust, nc_adjust, nc_ceil, C_copy, packC_copy, ldc, row_batch, col_batch);
      874                         
      875                             // kernel_timer.accumBench();
      876                         }
      877                     }
      878                 }
      879                 // packA_timer.printBench("packA time", 1);
      880                 // packB_timer.printBench("packB time", 1);
      881                 // kernel_timer.printBench("kernel time", 1);
      882             
      883                 _mm_free(packA);
      884                 _mm_free(packB);
      885             }
      886             
      887             void ConvIm2colLayer::GEMM_v3(float* A, float* B, float* C) {
      888                 int lda = K;
      889                 int ldb = N;
      890                 int ldc = N;
      891             
      892    i            Timer packA_timer;
      893    i            Timer packB_timer;
      894    i            Timer kernel_timer;
      895             
      896                 float *packA = static_cast<float*>(_mm_malloc((mc * kc + 64) * sizeof(float), 256)); 
      897                 float *packB = static_cast<float*>(_mm_malloc((kc * (align_ceil(N, col_batch)) + 64) * sizeof(float), 256));
      898                 float *packC = C;
      899             
      900                 assert((mc % row_batch == 0) && (nc % col_batch == 0));
      901             
      902                 // A中的一大整列M * kc，B中的一大整行kc * N
      903                 for (int kt = 0; kt < K; kt += kc) {
      904                     int kc_adjust = min(kc, K - kt);
      905             
      906                     for (int mt = 0; mt < M; mt += mc) {
      907                         int mc_adjust = min(mc, M - mt);
      908                         // float *packA_copy = packA + mt * kc;
      909                         float *packA_copy = packA;
      910                         packA_timer.startBench();
      911                         // 对A的一块做packing
      912                         this->pack_a(mc_adjust, kc_adjust, A + mt*lda + kt, lda, packA_copy, mc, kc, nc, row_batch, col_batch);
      913                         packA_timer.accumBench();
      914                         
      915                         for (int nt = 0; nt < N; nt += nc) {
      916                             int nc_adjust = min(nc, N - nt);
      917                             int nc_ceil = align_ceil(nc_adjust, col_batch);
      918                             float *packB_copy = packB + nt * kc;
      919                             // mt为0时才需要做pack
      920                             if (mt == 0) {
      921                                 packB_timer.startBench();
      922                                 // 对B的一大块kc * nc做packing
      923                                 // this->pack_b(kc_adjust, nc_adjust, B + kt*ldb + nt, ldb, packB_copy, row_batch, col_batch);
      924                                 this->im2col_v1_fused_packB_Nx32(kc_adjust, nc_adjust, padding_input_data, packB_copy, kt, nt, row_batch, col_batch);
      925                                 packB_timer.accumBench();
      926                             }
      927             
      928                             // 接着就是计算，对A的一块mc * kc和B的一块kc * nc进行计算
      929                             float *C_copy = C + mt * ldc + nt;
      930             
      931                             int remain_row_start = mc_adjust - mc_adjust % row_batch;
      932                             int packB_step = col_batch * kc_adjust;
      933             
      934                             kernel_timer.startBench();
      935                             // 计算可以整除的行
      936                             int i = 0;
      937                             for (; i < remain_row_start; i += row_batch) {
      938                                 float *packA_ptr = packA_copy + i * kc_adjust;
      939                                 float *packB_ptr = packB_copy;
      940                                 float *packC_ptr_copy = C_copy + i * ldc;
      941                                 float *packC_ptr; 
      942                                 // 每次计算 col_batch 列。不足 col_batch 列的补0处理，因此也当成 col_batch 列进行计算
      943                                 for (int j = 0; j < nc_ceil; j += col_batch)
      944          s                      {
      945          s                          packC_ptr = packC_ptr_copy + j;
      946          s                          this->inner_kernel(kc_adjust, packA_ptr, packB_ptr, packC_ptr, ldc, prefetch_a, prefetch_b, this->prefetch_c);
      947          s                          packB_ptr += packB_step;
      948          s                      }
      949                             }
      950             
      951                             // 计算剩余的行
      952                             if (i < mc_adjust) {
      953                                 float *packA_ptr = packA_copy + i * kc_adjust;
      954                                 float *packB_ptr = packB_copy;
      955                                 float *packC_ptr_copy = C_copy + i * ldc;
      956                                 float *packC_ptr;
      957                                 //  每次计算 col_batch 列。不足 col_batch 列的补0处理，因此也当成 col_batch 列进行计算
                       <<< Loop-information Start >>>
                       <<<  [OPTIMIZATION]
                       <<<    SPILLS :
                       <<<      GENERAL   : SPILL 1  FILL 2
                       <<<      SIMD&FP   : SPILL 0  FILL 0
                       <<<      SCALABLE  : SPILL 0  FILL 0
                       <<<      PREDICATE : SPILL 0  FILL 0
                       <<< Loop-information  End >>>
      958                                 for (int j = 0; j < nc_ceil; j += col_batch)
      959          s                      {
      960          s                          packC_ptr = packC_ptr_copy + j;
      961          s                          this->inner_kernel_for_corner(kc_adjust, packA_ptr, packB_ptr, packC_ptr, ldc);
      962          s                          packB_ptr += packB_step;
      963          s                      }
      964                             }
      965                             kernel_timer.accumBench();
      966                         }
      967                     }
      968                 }
      969                 packA_timer.printBench("packA time", 1);
      970                 packB_timer.printBench("packB time", 1);
      971                 kernel_timer.printBench("kernel time", 1);
      972             
      973                 _mm_free(packA);
      974                 _mm_free(packB);
      975             }
      976             
      977             void ConvIm2colLayer::GEMM_v5_MNK(float* A, float* B, float* C) {
      978                 int lda = K;
      979                 int ldb = N;
      980                 int ldc = N;
      981             
      982                 // printf("gemm_v5\n");
      983             
      984    i            Timer packA_timer;
      985    i            Timer packB_timer;
      986    i            Timer kernel_timer;
      987             
      988                 float *packA = static_cast<float*>(_mm_malloc((mc * K + 16) * sizeof(float))); 
      989                 float *packB = static_cast<float*>(_mm_malloc((K * align_ceil(N, col_batch) + 16) * sizeof(float)));
      990                 float *packC = static_cast<float*>(_mm_malloc((mc * nc + 16) * sizeof(float)));
      991             
      992                 assert((mc % row_batch == 0) && (nc % col_batch == 0));
      993             
      994                 for (int mt = 0; mt < M; mt += mc) {
      995                     int mc_adjust = min(M - mt, mc);
      996             
      997                     for (int nt = 0; nt < N; nt += nc) {
      998                         int nc_adjust = min(N - nt, nc);
      999                         int nc_ceil   = align_ceil(nc_adjust, col_batch);
     1000             
     1001                         for (int kt = 0; kt < K; kt += kc) {
     1002                             int kc_adjust = min(K - kt, kc);
     1003                             float* packA_copy = packA + (kt/kc)*(mc*kc);
     1004                             float* packB_copy = packB + (nt/nc)*(K*nc) + (kt/kc)*(nc_ceil*kc);
     1005                             float* packC_copy = C + mt*ldc + nt;
     1006                             int packC_col = ldc;
     1007                             // float* packC_copy = packC;
     1008                             // int packC_col = nc;
     1009             
     1010                             
     1011                             if (mt == 0) {
     1012                                 packB_timer.startBench();
     1013                                 this->pack_b(kc_adjust, nc_adjust, B + kt*ldb + nt, ldb, packB_copy, row_batch, col_batch);
     1014                                 packB_timer.accumBench();
     1015                             }
     1016             
     1017                             if (nt == 0) {
     1018                                 packA_timer.startBench();
     1019                                 this->pack_a(mc_adjust, kc_adjust, A + mt*lda + kt, lda, packA_copy, mc, kc, nc, row_batch, col_batch);
     1020                                 packA_timer.accumBench();
     1021                             }
     1022             
     1023                             kernel_timer.startBench();
     1024                             int remain_row_start = mc_adjust - mc_adjust % row_batch;
     1025                             #pragma statement scache_isolate_way L1=1
     1026                             #pragma statement scache_isolate_assign packA_ptr
     1027                             for (int i = 0; i < remain_row_start; i += row_batch) {
     1028          s                      for (int j = 0; j < nc_ceil; j += col_batch) {
     1029          s                          float* packA_ptr = packA_copy + i * kc_adjust;
     1030          s                          float* packB_ptr = packB_copy + j * kc_adjust;
     1031          s                          float* packC_ptr = packC_copy + i * packC_col + j;
     1032          s                          this->inner_kernel(kc_adjust, packA_ptr, packB_ptr, packC_ptr, packC_col, this->prefetch_a, this->prefetch_b, this->prefetch_c);
     1033          s                      }
     1034                             }
     1035                             #pragma statement end_scache_isolate_assign
     1036                             #pragma statement end_scache_isolate_way
     1037             
     1038                             for (int i = remain_row_start; i < mc_adjust; i += row_batch) {
     1039          s                      for (int j = 0; j < nc_ceil; j += col_batch) {
     1040          s                          float* packA_ptr = packA_copy + i * kc_adjust;
     1041          s                          float* packB_ptr = packB_copy + j * kc_adjust;
     1042          s                          float* packC_ptr = packC_copy + i * packC_col + j;
     1043          s                          this->inner_kernel_for_corner(kc_adjust, packA_ptr, packB_ptr, packC_ptr, packC_col);
     1044          s                      }
     1045                             }
     1046                             kernel_timer.accumBench();
     1047             
     1048                         }
     1049             
     1050                         // 将结果写回到矩阵C中
     1051                         // for (int i = 0; i < mc_adjust; i++) {
     1052                         //     memcpy(C + (mt+i)*ldc + nt, packC + i*nc, nc_adjust * sizeof(float));
     1053                         // }
     1054                         // memset(packC, 0, mc * nc * sizeof(float));
     1055                     }
     1056             
     1057                 }
     1058             
     1059                 // printf("c[0] = %f, c[1] = %f, c[2] = %f\n", C[0], C[1], C[2]);
     1060             
     1061                 // packA_timer.printBench("packA time", 1);
     1062                 // packB_timer.printBench("packB time", 1);
     1063                 // kernel_timer.printBench("kernel time", 1);
     1064             
     1065                 _mm_free(packA);
     1066                 _mm_free(packB);
     1067                 _mm_free(packC);
     1068             }
     1069             
     1070             // 多线程版本
     1071             void ConvIm2colLayer::GEMM_multithread(float* A, float* B, float* C) {
     1072                 int lda = K;
     1073                 int ldb = N;
     1074                 int ldc = N;
     1075             
     1076                 int packB_width;
     1077                 int packB_height;
     1078                 int packBC_width;
     1079                 int packBC_height;
     1080             
     1081                 int num_threads = this->num_threads;
     1082                 
     1083                 packBC_height = kc + num_threads * mc;
     1084                 packBC_width = align_ceil(nc, col_batch);
     1085                 packB_height = kc;
     1086                 packB_width = packBC_width;
     1087             
     1088                 float *packA = new float[M * kc + 16 * num_threads];
     1089                 float *packB = new float[packBC_height * packBC_width + 16 * num_threads];
     1090                 // float *packA = _mm_malloc(M * kc * sizeof(float)); 
     1091                 // float *packB = _mm_malloc(packBC_height * packBC_width * sizeof(float));
     1092                 float *packC = packB + packB_height * packB_width;
     1093             
     1094                 // 确定每个线程所负责的A中分块
     1095                 int m_num_block = (M + (mc - 1)) / mc;
     1096                 int m_num_block_per_thread = m_num_block / num_threads;
     1097                 int m_num_remain_block = m_num_block % num_threads;
     1098                 #pragma omp parallel
     1099                 {
     1100                     int tid = omp_get_thread_num();
     1101                     int m_interval = m_num_block_per_thread * mc;
     1102                     int m_from;
     1103                     int m_to;
     1104                     if (tid < m_num_remain_block) {
     1105                         m_from = tid * (m_num_block_per_thread + 1) * mc;
     1106                         m_to = m_from + (m_num_block_per_thread + 1) * mc;
     1107                     }
     1108                     else{
     1109                         m_from = (tid * m_num_block_per_thread + m_num_remain_block) * mc;
     1110                         m_to = m_from + m_num_block_per_thread * mc;
     1111                     }
     1112                     if (m_to > M) 
     1113                         m_to = M;
     1114             
     1115                     if (m_to - m_from > 0) {
     1116                         m_interval = m_to - m_from;
     1117                         for (int kt = 0; kt < K; kt += kc) {
     1118                             int kc_adjust = min(kc, K - kt);
     1119             
     1120                             float *packA_copy = packA + m_from * kc;
     1121                             this->pack_a(m_interval, kc_adjust, A + m_from*lda + kt, lda, packA_copy, mc, kc, nc, row_batch, col_batch);
     1122                     
     1123                             for (int nt = 0; nt < N; nt += nc) {
     1124                                 int nc_adjust = min(nc, N - nt);
     1125                                 int nc_ceil = align_ceil(nc_adjust, col_batch);
     1126             
     1127                                 float *packB_copy = packB;
     1128                                 this->pack_b_mt(kc_adjust, nc_adjust, num_threads, tid, B, ldb, packB_copy, kt, nt, row_batch, col_batch);
     1129             
     1130                                 for (int mt = m_from; mt < m_to; mt += mc) {
     1131                                     int mc_adjust = min(mc, m_to - mt);
     1132                                     float *C_copy = C + mt * ldc + nt;
     1133                                     float *packC_copy;
     1134                                     int packC_ptr_step;
     1135                                     int packC_copy_step;
     1136                                     int packC_col;
     1137                                     
     1138                                     if (this->pack_c_version == 0) {
     1139                                         packC_ptr_step = 1;
     1140                                         packC_copy_step = ldc;
     1141                                         packC_copy = C_copy;
     1142                                         packC_col = ldc;
     1143                                     }
     1144                                     else if (this->pack_c_version == 1) {
     1145                                         packC_ptr_step = 1;
     1146                                         packC_copy_step = nc_ceil;
     1147                                         packC_copy = packC + tid * mc * packBC_width;
     1148                                         packC_col = nc_ceil;
     1149                                     }
     1150                                     else if (this->pack_c_version == 2) {
     1151                                         packC_ptr_step = mc_adjust;
     1152                                         packC_copy_step = col_batch;
     1153                                         packC_copy = packC + tid * mc * packBC_width;
     1154                                         packC_col = nc_ceil;
     1155                                     }
     1156             
     1157                                     if (this->pack_c != nullptr)
     1158                                         this->pack_c(mc_adjust, nc_adjust, nc_ceil, C_copy, packC_copy, ldc, row_batch, col_batch);
     1159             
     1160                                     int start_remain_row = mc_adjust - mc_adjust % row_batch;
     1161                                     int step = col_batch * kc_adjust;
     1162             
     1163                                     // 每次计算8行
     1164                                     for (int i = 0; i < start_remain_row; i += row_batch) {
     1165                                         float *packA_ptr = packA_copy + (mt - m_from + i) * kc_adjust;
     1166                                         float *packB_ptr = packB_copy;
     1167                                         float *packC_copy_copy = packC_copy + i * packC_copy_step;
     1168                                         float *packC_ptr;
     1169                                         // 每次计算8列。不足8列的补0处理，因此也当成8列进行计算
                       <<< Loop-information Start >>>
                       <<<  [OPTIMIZATION]
                       <<<    SPILLS :
                       <<<      GENERAL   : SPILL 0  FILL 2
                       <<<      SIMD&FP   : SPILL 0  FILL 0
                       <<<      SCALABLE  : SPILL 0  FILL 0
                       <<<      PREDICATE : SPILL 0  FILL 0
                       <<< Loop-information  End >>>
     1170          s                              for (int j = 0; j < nc_ceil; j += col_batch) {
     1171          s                                  packC_ptr = packC_copy_copy + j * packC_ptr_step;
     1172                                             // kernel_8x8(kc_adjust, packA_ptr, packB_ptr, packC_ptr, nc_ceil);
     1173          s                                  this->inner_kernel(kc_adjust, packA_ptr, packB_ptr, packC_ptr, packC_col, this->prefetch_a, this->prefetch_b, this->prefetch_c);
     1174          s                                  packB_ptr += step;
     1175          s                              }
     1176                                     
     1177                                     }
     1178             
     1179                                     // 不足8行，单独处理
     1180                                     int i = start_remain_row;
     1181                                     if (i < mc_adjust) {
     1182                                         float *packA_ptr = packA_copy + (mt - m_from + i) * kc_adjust;
     1183                                         float *packB_ptr = packB_copy;
     1184                                         float *packC_copy_copy = packC_copy + i * packC_copy_step;
     1185                                         float *packC_ptr;
     1186                                         int num_remain_row = mc_adjust - start_remain_row;
     1187                                         // 每次计算8列。不足8列的补0处理，因此也当成8列进行计算
                       <<< Loop-information Start >>>
                       <<<  [OPTIMIZATION]
                       <<<    SPILLS :
                       <<<      GENERAL   : SPILL 0  FILL 2
                       <<<      SIMD&FP   : SPILL 0  FILL 0
                       <<<      SCALABLE  : SPILL 0  FILL 0
                       <<<      PREDICATE : SPILL 0  FILL 0
                       <<< Loop-information  End >>>
     1188          s                              for (int j = 0; j < nc_ceil; j += col_batch) {
     1189          s                                  packC_ptr = packC_copy_copy + j * packC_ptr_step;
     1190                                             // kernel_Nx8_for_8x8_template(num_remain_row, kc_adjust, packA_ptr, packB_ptr, packC_ptr, nc_ceil);
     1191          s                                  this->inner_kernel_for_corner(kc_adjust, packA_ptr, packB_ptr, packC_ptr, packC_col);
     1192          s                                  packB_ptr += step;
     1193          s                              }
     1194                                     }
     1195                                     if (this->unpack_c != nullptr)
     1196                                         this->unpack_c(mc_adjust, nc_adjust, nc_ceil, C_copy, packC_copy, ldc, row_batch, col_batch);
     1197                                 }
     1198                             }
     1199                         }
     1200                     }
     1201                 }
     1202             
     1203                 delete [] packA;
     1204                 delete [] packB;
     1205                 // delete [] packC;
     1206             }
     1207             
     1208             void ConvIm2colLayer::set_pack_a() {
     1209                 this->pack_a = pack_a_v2;
     1210             }
     1211             
     1212             void ConvIm2colLayer::set_pack_b() {
     1213                 if (col_batch == 32)
     1214                     this->pack_b = pack_b_v2_12x32;
     1215                 else if (col_batch == 64)
     1216                     this->pack_b = pack_b_v2_4x64;
     1217                 else if (col_batch == 48)
     1218                     this->pack_b = pack_b_v2_8x48;
     1219                 // if (row_batch == 8 && col_batch == 8) 
     1220                 //     this->pack_b = pack_b_v2_8x8;
     1221                 // else if (row_batch == 8 && col_batch == 12)
     1222                 //     this->pack_b = pack_b_v2_8x12;
     1223                 // else if (row_batch == 4 && col_batch == 16)
     1224                 //     this->pack_b = pack_b_v2_4x16;
     1225             }
     1226             
     1227             void ConvIm2colLayer::set_pack_b_mt() {
     1228                 // if (row_batch == 8 && col_batch == 8) {
     1229                 //     switch (gemm_version) {
     1230                 //         case 0:
     1231                 //             this->pack_b_mt = pack_b_multithread_8x8_v1;
     1232                 //         case 1:
     1233                 //             this->pack_b_mt = pack_b_multithread_8x8_v2;
     1234                 //         case 2:
     1235                 //             this->pack_b_mt = pack_b_multithread_8x8_v3;
     1236                 //         default:
     1237                 //             break;
     1238                 //     }
     1239                 // }
     1240                 // else if (row_batch == 8 && col_batch == 12) {
     1241                 //     switch (gemm_version) {
     1242                 //         case 0:
     1243                 //             this->pack_b_mt = pack_b_multithread_8x12_v1;
     1244                 //         case 1:
     1245                 //             this->pack_b_mt = pack_b_multithread_8x12_v2;
     1246                 //         case 2:
     1247                 //             this->pack_b_mt = pack_b_multithread_8x12_v3;
     1248                 //         default:
     1249                 //             break;
     1250                 //     }
     1251                     
     1252                 // }
     1253                 // else if (row_batch == 4 && col_batch == 16) {
     1254                 //     switch (gemm_version) {
     1255                 //         case 0:
     1256                 //             this->pack_b_mt = pack_b_multithread_4x16_v1;
     1257                 //         case 1:
     1258                 //             this->pack_b_mt = pack_b_multithread_4x16_v2;
     1259                 //         case 2:
     1260                 //             this->pack_b_mt = pack_b_multithread_4x16_v3;
     1261                 //         default:
     1262                 //             break;
     1263                 //     }
     1264                 // }
     1265             }
     1266             
     1267             void ConvIm2colLayer::set_pack_c() {
     1268                 this->pack_c = nullptr;
     1269                 // if (row_batch == 8 && col_batch == 8) {
     1270                 //     if (pack_c_version == 0)
     1271                 //         this->pack_c = nullptr;
     1272                 //     else if (pack_c_version == 1)
     1273                 //         this->pack_c = load_c_v2_8x8;
     1274                 //     else
     1275                 //         this->pack_c = load_c_v2_8x8_pack;
     1276                 // } else if (row_batch == 8 && col_batch == 12) {
     1277                 //     if (pack_c_version == 0)
     1278                 //         this->pack_c = nullptr;
     1279                 //     else if (pack_c_version == 1)
     1280                 //         this->pack_c = load_c_v2_8x12;
     1281                 //     else
     1282                 //         this->pack_c = load_c_v2_8x12_pack;
     1283                 // } else if (row_batch == 4 && col_batch == 16) {
     1284                 //     if (pack_c_version == 0)
     1285                 //         this->pack_c = nullptr;
     1286                 //     else if (pack_c_version == 1)
     1287                 //         this->pack_c = load_c_v2_4x16;
     1288                 //     else
     1289                 //         this->pack_c = load_c_v2_4x16_pack;
     1290                 // }
     1291             }
     1292             
     1293             void ConvIm2colLayer::set_unpack_c() {
     1294                 this->unpack_c = nullptr;
     1295                 // if (row_batch == 8 && col_batch == 8) {
     1296                 //     if (pack_c_version == 0)
     1297                 //         this->unpack_c = nullptr;
     1298                 //     else if (pack_c_version == 1)
     1299                 //         this->unpack_c = write_c_v2_8x8;
     1300                 //     else
     1301                 //         this->unpack_c = write_c_v2_8x8_unpack;
     1302                 // } else if (row_batch == 8 && col_batch == 12) {
     1303                 //     if (pack_c_version == 0)
     1304                 //         this->unpack_c = nullptr;
     1305                 //     else if (pack_c_version == 1)
     1306                 //         this->unpack_c = write_c_v2_8x12;
     1307                 //     else
     1308                 //         this->unpack_c = write_c_v2_8x12_unpack;
     1309                 // } else if (row_batch == 4 && col_batch == 16) {
     1310                 //     if (pack_c_version == 0)
     1311                 //         this->unpack_c = nullptr;
     1312                 //     else if (pack_c_version == 1)
     1313                 //         this->unpack_c = write_c_v2_4x16;
     1314                 //     else
     1315                 //         this->unpack_c = write_c_v2_4x16_unpack;
     1316                 // }
     1317             }
     1318             
     1319             void ConvIm2colLayer::set_inner_kernel() {
     1320                 if (row_batch == 12 && col_batch == 32) {
     1321                     // this->inner_kernel = kernel_12x32_v1;
     1322                     this->inner_kernel = kernel_12x32_v2;
     1323                 } else if (row_batch == 8 && col_batch == 32) {
     1324                     this->inner_kernel = kernel_8x32;
     1325                 } else if (row_batch == 14 && col_batch == 32) {
     1326                     this->inner_kernel = kernel_14x32;
     1327                 } else if (row_batch == 4 && col_batch == 64) {
     1328                     this->inner_kernel = kernel_4x64;
     1329                 } else if (row_batch == 8 && col_batch == 48) {
     1330                     this->inner_kernel = kernel_8x48;
     1331                 }
     1332                 // if (row_batch == 8 && col_batch == 8) {
     1333                 //     if (pack_c_version == 0 || pack_c_version == 1)
     1334                 //         this->inner_kernel = kernel_8x8;
     1335                 //     else
     1336                 //         this->inner_kernel = kernel_8x8_packC;
     1337                 // } else if (row_batch == 8 && col_batch == 12) {
     1338                 //     if (pack_c_version == 0 || pack_c_version == 1)
     1339                 //         this->inner_kernel = kernel_8x12;
     1340                 //     else
     1341                 //         this->inner_kernel = kernel_8x12_packC;
     1342                 // } else if (row_batch == 4 && col_batch == 16) {
     1343                 //     if (pack_c_version == 0 || pack_c_version == 1)
     1344                 //         this->inner_kernel = kernel_4x16;
     1345                 //     else
     1346                 //         this->inner_kernel = kernel_4x16_packC;
     1347                 // }
     1348             }
     1349             
     1350             void ConvIm2colLayer::set_inner_kernel_for_corner(int k) {
     1351                 if (col_batch == 32) {
     1352                     this->inner_kernel_for_corner = get_kernel_Nx32(k);
     1353                 } else if (col_batch == 64) {
     1354                     this->inner_kernel_for_corner = get_kernel_Nx64(k);
     1355                 }
     1356                 // if (row_batch == 8 && col_batch == 8) {
     1357                 //     if (pack_c_version == 0 || pack_c_version == 1)
     1358                 //         this->inner_kernel_for_corner = get_kernel_Nx8(k);
     1359                 //     else
     1360                 //         this->inner_kernel_for_corner = get_kernel_Nx8_packC(k);
     1361                 // } else if (row_batch == 8 && col_batch == 12) {
     1362                 //     if (pack_c_version == 0 || pack_c_version == 1)
     1363                 //         this->inner_kernel_for_corner = get_kernel_Nx12(k);
     1364                 //     else
     1365                 //         this->inner_kernel_for_corner = get_kernel_Nx12_packC(k);
     1366                 // } else if (row_batch == 4 && col_batch == 16) {
     1367                 //     if (pack_c_version == 0 || pack_c_version == 1)
     1368                 //         this->inner_kernel_for_corner = get_kernel_Nx16(k);
     1369                 //     else
     1370                 //         this->inner_kernel_for_corner = get_kernel_Nx16_packC(k);
     1371                 // }
     1372             }
Total prefetch num: 26
Statistics information
  Option information
    Command line options : -c -std=c++11 -I/home/ra000012/a04453/FastConv -Kfast -Kopenmp -Nlibomp -Kprefetch_cache_level=all -Kprefetch_sequential=soft -Kprefetch_line=2 -Kprefetch_line_L2=10 -Kzfill=9 -Kswp -Nlst=t -o obj/./convLayer/im2colConv.o
    Effective options    : -g0 -mt -Qy -std=gnu++11 -x- -x=quick -O3 -Knoalias_const
                           -Kalign_loops -Knoarray_declaration_opt -Kassume=noshortloop
                           -Kassume=nomemory_bandwidth -Kassume=notime_saving_compilation
                           -Kcmodel=small -Keval -Keval_noconcurrent
                           -Knoextract_stride_store -Kfast_matmul -Knofenv_access
                           -Kfp_contract -Kfp_relaxed -Kfsimple -Kfz -Khpctag
                           -Kilfunc=procedure -Klargepage -Klib -Kloop_blocking
                           -Kloop_fission -Kloop_nofission_stripmining
                           -Kloop_fission_threshold=50 -Kloop_fusion -Kloop_interchange
                           -Kloop_part_simd -Kloop_perfect_nest -Kloop_noversioning
                           -Klooptype=f -Knomemalias -Kmfunc=1 -Knoocl -Komitfp -Kopenmp
                           -Kopenmp_noassume_norecurrence
                           -Kopenmp_nocollapse_except_innermost
                           -Kopenmp_loop_variable=private -Kopenmp_noordered_reduction
                           -Knoopenmp_simd -Knooptlib_string -Knooptmsg
                           -Knopc_relative_literal_loads -Knoparallel
                           -Kparallel_nofp_precision -Knopreex -Kprefetch_cache_level=all
                           -Kprefetch_noconditional -Kprefetch_noindirect -Kprefetch_noinfer
                           -Kprefetch_line=2 -Kprefetch_line_L2=10
                           -Kprefetch_sequential=soft -Kprefetch_nostride -Kprefetch_strong
                           -Kprefetch_strong_L2 -Knopreload -Krdconv=1
                           -Kremove_inlinefunction -Knorestp -Ksch_post_ra -Ksch_pre_ra
                           -Ksibling_calls -Ksimd=auto -Ksimd_packed_promotion
                           -Ksimd_reduction_product -Ksimd_reg_size=512
                           -Ksimd_nouncounted_loop -Ksimd_use_multiple_structures
                           -Knostrict_aliasing -Knostriping -KA64FX -KARMV8_3_A -KSVE -Kswp
                           -Kswp_freg_rate=100 -Kswp_ireg_rate=100 -Kswp_preg_rate=100
                           -Kswp_policy=auto -Kunroll -Knounroll_and_jam -Kzfill=9
                           -Ncancel_overtime_compilation -Nnocoverage -Nexceptions -Nnofjcex
                           -Nfjprof -Nnohook_func -Nnohook_time -Nlibomp -Nline -Nlst=p
                           -Nlst=t -Nquickdbg=noheapchk -Nquickdbg=nosubchk -NRnotrap
                           -Nnoreordered_variable_stack -Nrt_notune -Nsetvalue=noheap
                           -Nsetvalue=nostack -Nsetvalue=noscalar -Nsetvalue=noarray
                           -Nsetvalue=nostruct -Nsrc -Nsta
